[1/32] skip (exists): gs1
[2/32] skip (exists): gs2
[3/32] skip (exists): gs3
[4/32] skip (exists): gs4
[5/32] skip (exists): gs5
[6/32] skip (exists): gs6
[7/32] skip (exists): apt1
[8/32] skip (exists): apt2
[9/32] skip (exists): ta1
[10/32] skip (exists): ta2
[11/32] skip (exists): ta3
[12/32] skip (exists): ta4
[13/32] skip (exists): ta5
[14/32] skip (exists): ta6
[15/32] skip (exists): ta7
[16/32] skip (exists): en1
[17/32] skip (exists): en2
[18/32] skip (exists): en3
[19/32] skip (exists): en4
[20/32] skip (exists): en5
[21/32] skip (exists): en6
[22/32] skip (exists): en7
[23/32] skip (exists): ae1
[24/32] skip (exists): ae2
[25/32] skip (exists): ae3
[26/32] skip (exists): ae4
[27/32] skip (exists): ae5
[28/32] skip (exists): ae6
[29/32] skip (exists): ae7
[30/32] skip (exists): ae8
[31/32] skip (exists): ae9
[32/32] skip (exists): ae10
DONE: 0 generated, 0 failed, total units 32
