[1/32] skip (exists): gs1
[2/32] skip (exists): gs2
[3/32] skip (exists): gs3
[4/32] skip (exists): gs4
[5/32] skip (exists): gs5
[6/32] skip (exists): gs6
[7/32] skip (exists): apt1
[8/32] skip (exists): apt2
[9/32] skip (exists): ta1
[10/32] skip (exists): ta2
[11/32] skip (exists): ta3
[12/32] skip (exists): ta4
[13/32] skip (exists): ta5
[14/32] skip (exists): ta6
[15/32] skip (exists): ta7
[16/32] skip (exists): en1
[17/32] skip (exists): en2
[18/32] skip (exists): en3
[19/32] skip (exists): en4
[20/32] skip (exists): en5
[21/32] skip (exists): en6
[22/32] skip (exists): en7
[23/32] generating: ae1 ...
  ok (4 sections)
[24/32] generating: ae2 ...
  ok (4 sections)
[25/32] generating: ae3 ...
  ok (4 sections)
[26/32] generating: ae4 ...
  ok (5 sections)
[27/32] generating: ae5 ...
  ok (4 sections)
[28/32] generating: ae6 ...
  ok (4 sections)
[29/32] generating: ae7 ...
  ok (4 sections)
[30/32] generating: ae8 ...
  ok (4 sections)
[31/32] generating: ae9 ...
  ok (4 sections)
[32/32] generating: ae10 ...
  ok (4 sections)
DONE: 10 generated, 0 failed, total units 32
